Microchip MPLAB XC8 Compiler V2.46

Linker command line:

-W-3 \
  --edf=C:\Program Files\Microchip\xc8\v2.46\pic\dat\20240104201356_en.msgs \
  -cn -h+dist/default/production\usart.X.production.sym \
  --cmf=dist/default/production\usart.X.production.cmf -z -Q16F877A \
  -oC:\Users\szeri\AppData\Local\Temp\xcAsm38.\driver_tmp_3.o \
  --defsym=__MPLAB_BUILD=1 --fixupoverflow=error \
  -Mdist/default/production/usart.X.production.map \
  --md=C:\Users\szeri\AppData\Local\Temp\xcAsm38.\driver_tmp_0.dat -E1 \
  -ver=XC8 Compiler --acfsm=1493 -ACODE=00h-07FFhx4 -ASTRCODE=00h-01FFFh \
  -ASTRING=00h-0FFhx32 -ACONST=00h-0FFhx32 -AENTRY=00h-0FFhx32 \
  -ACOMMON=070h-07Fh -ABANK0=020h-06Fh -ABANK1=0A0h-0EFh \
  -ABANK2=0110h-016Fh -ABANK3=0190h-01EFh \
  -ARAM=020h-06Fh,0A0h-0EFh,0110h-016Fh,0190h-01EFh \
  -AABS1=020h-07Fh,0A0h-0EFh,0110h-016Fh,0190h-01EFh -ASFR0=00h-01Fh \
  -ASFR1=080h-09Fh -ASFR2=0100h-010Fh -ASFR3=0180h-018Fh \
  -ACONFIG=02007h-02007h -DCONFIG=2 -AIDLOC=02000h-02003h -DIDLOC=2 \
  -AEEDATA=00h-0FFh/02100h -peeprom_data=EEDATA -DEEDATA=2 -DCODE=2 \
  -DSTRCODE=2 -DSTRING=2 -DCONST=2 -DENTRY=2 \
  -preset_vec=00h,intentry,sivt,init,end_init -ppowerup=CODE -pcinit=CODE \
  -pfunctab=ENTRY -k \
  C:\Users\szeri\AppData\Local\Temp\xcAsm38.\driver_tmp_12.o \
  dist/default/production\usart.X.production.o 

Object code version is 3.11

Machine type is 16F877A



                Name                               Link     Load   Length Selector   Space Scale
C:\Users\szeri\AppData\Local\Temp\xcAsm38.\driver_tmp_12.o
                end_init                              0        0        3        0       0
                config                             2007     2007        1        0       4
dist/default/production\usart.X.production.o
                cinit                               7FC      7FC        4      FF8       0
                config                             2007     2007        1        0       4
                text10                              5BA      5BA       40      B74       0
                text9                               692      692       B5      D24       0
                text8                               51A      51A       24      A34       0
                text7                               53E      53E       3D      A7C       0
                text6                               4D6      4D6       10      9AC       0
                text5                               747      747       B5      E8E       0
                text4                               5FA      5FA       98      BF4       0
                text3                               57B      57B       3F      AF6       0
                text2                               4E6      4E6       11      9CC       0
                text1                               4CD      4CD        9      99A       0
                maintext                            4F7      4F7       23      9EE       0
                cstackCOMMON                         70       70        C       70       1

TOTAL           Name                               Link     Load   Length     Space
        CLASS   CODE           
                end_init                              0        0        3         0
                cinit                               7FC      7FC        4         0
                text10                              5BA      5BA       40         0
                text9                               692      692       B5         0
                text8                               51A      51A       24         0
                text7                               53E      53E       3D         0
                text6                               4D6      4D6       10         0
                text5                               747      747       B5         0
                text4                               5FA      5FA       98         0
                text3                               57B      57B       3F         0
                text2                               4E6      4E6       11         0
                text1                               4CD      4CD        9         0
                maintext                            4F7      4F7       23         0

        CLASS   STRCODE        

        CLASS   STRING         

        CLASS   CONST          

        CLASS   ENTRY          

        CLASS   COMMON         
                cstackCOMMON                         70       70        C         1

        CLASS   BANK0          

        CLASS   BANK1          

        CLASS   BANK2          

        CLASS   BANK3          

        CLASS   RAM            

        CLASS   ABS1           
                abs_s1                               7E       7E        2         1

        CLASS   SFR0           

        CLASS   SFR1           

        CLASS   SFR2           

        CLASS   SFR3           

        CLASS   CONFIG         
                config                             2007     2007        1         4

        CLASS   IDLOC          

        CLASS   EEDATA         

        CLASS   HEAP           

        CLASS   STACK          



SEGMENTS        Name                           Load    Length   Top    Selector   Space  Class     Delta

                reset_vec                      000000  000003  000003         0       0  CODE        2
                cstackCOMMON                   000070  00000C  00007C        70       1  COMMON      1
                text1                          0004CD  000009  0004D6       99A       0  CODE        2
                text6                          0004D6  000010  0004E6       9AC       0  CODE        2
                text2                          0004E6  000011  0004F7       9CC       0  CODE        2
                maintext                       0004F7  000023  00051A       9EE       0  CODE        2
                text8                          00051A  000024  00053E       A34       0  CODE        2
                text7                          00053E  00003D  00057B       A7C       0  CODE        2
                text3                          00057B  00003F  0005BA       AF6       0  CODE        2
                text10                         0005BA  000040  0005FA       B74       0  CODE        2
                text4                          0005FA  000098  000692       BF4       0  CODE        2
                text9                          000692  0000B5  000747       D24       0  CODE        2
                text5                          000747  0000B5  0007FC       E8E       0  CODE        2
                cinit                          0007FC  000004  000800       FF8       0  CODE        2


UNUSED ADDRESS RANGES

        Name                Unused          Largest block    Delta
        BANK0            0020-006F             50           1
        BANK1            00A0-00EF             50           1
        BANK2            0110-016F             60           1
        BANK3            0190-01EF             60           1
        CODE             0003-04CC            4CA           2
                         0800-1FFF            800
        COMMON           007C-007D              2           1
        CONST            0003-04CC            100           2
                         0800-1FFF            100
        EEDATA           2100-21FF            100           2
        ENTRY            0003-04CC            100           2
                         0800-1FFF            100
        IDLOC            2000-2003              4           2
        RAM              0020-006F             50           1
                         00A0-00EF             50
                         0110-016F             60
                         0190-01EF             60
        SFR0             0000-001F             20           1
        SFR1             0080-009F             20           1
        SFR2             0100-010F             10           1
        SFR3             0180-018F             10           1
        STRCODE          0003-04CC            4CA           2
                         0800-1FFF           1800
        STRING           0003-04CC            100           2
                         0800-1FFF            100

                                  Symbol Table

DIO_setpindir@dir              cstackCOMMON 0071
DIO_setpindir@pin              cstackCOMMON 0070
DIO_setpindir@port             cstackCOMMON 0073
DIO_write@pin                  cstackCOMMON 0070
DIO_write@port                 cstackCOMMON 0073
DIO_write@val                  cstackCOMMON 0071
DIO_write_high_nibble@port     cstackCOMMON 0071
DIO_write_high_nibble@val      cstackCOMMON 0070
LCD_sendChar@data              cstackCOMMON 0077
LCD_sendCommand@cmd            cstackCOMMON 0077
_DIO_setpindir                 text5        0747
_DIO_write                     text9        0692
_DIO_write_high_nibble         text10       05BA
_LCD_clearScreen               text6        04D6
_LCD_init                      text4        05FA
_LCD_sendChar                  text3        057B
_LCD_sendCommand               text7        053E
_PORTA                         (abs)        0005
_PORTB                         (abs)        0006
_PORTC                         (abs)        0007
_PORTD                         (abs)        0008
_RCIF                          (abs)        0065
_RCREG                         (abs)        001A
_RCSTA                         (abs)        0018
_SPBRG                         (abs)        0099
_TRISA                         (abs)        0085
_TRISB                         (abs)        0086
_TRISC                         (abs)        0087
_TRISC6                        (abs)        043E
_TRISC7                        (abs)        043F
_TRISD                         (abs)        0088
_TXIF                          (abs)        0064
_TXREG                         (abs)        0019
_TXSTA                         (abs)        0098
_UART_init                     text2        04E6
_UART_receive                  text1        04CD
__H__absolute__                __absolute__ 0000
__Habs1                        abs1         0000
__Hbank0                       bank0        0000
__Hbank1                       bank1        0000
__Hbank2                       bank2        0000
__Hbank3                       bank3        0000
__Hcinit                       cinit        0800
__Hclrtext                     clrtext      0000
__Hcode                        code         0000
__Hcommon                      common       0000
__Hconfig                      config       2008
__HcstackCOMMON                cstackCOMMON 0000
__Heeprom_data                 eeprom_data  0000
__Hend_init                    end_init     0003
__Hfunctab                     functab      0000
__Hheap                        heap         0000
__Hinit                        init         0000
__Hintentry                    intentry     0000
__Hmaintext                    maintext     0000
__Hpowerup                     powerup      0000
__Hram                         ram          0000
__Hreset_vec                   reset_vec    0000
__Hsfr0                        sfr0         0000
__Hsfr1                        sfr1         0000
__Hsfr2                        sfr2         0000
__Hsfr3                        sfr3         0000
__Hsivt                        sivt         0000
__Hspace_0                     (abs)        0800
__Hspace_1                     (abs)        007C
__Hspace_2                     (abs)        0000
__Hspace_3                     (abs)        0000
__Hspace_4                     (abs)        400F
__Hstack                       stack        0000
__Hstrings                     strings      0000
__Htext                        text         0000
__L__absolute__                __absolute__ 0000
__Labs1                        abs1         0000
__Lbank0                       bank0        0000
__Lbank1                       bank1        0000
__Lbank2                       bank2        0000
__Lbank3                       bank3        0000
__Lcinit                       cinit        07FC
__Lclrtext                     clrtext      0000
__Lcode                        code         0000
__Lcommon                      common       0000
__Lconfig                      config       0000
__LcstackCOMMON                cstackCOMMON 0000
__Leeprom_data                 eeprom_data  0000
__Lend_init                    end_init     0000
__Lfunctab                     functab      0000
__Lheap                        heap         0000
__Linit                        init         0000
__Lintentry                    intentry     0000
__Lmaintext                    maintext     0000
__Lpowerup                     powerup      0000
__Lram                         ram          0000
__Lreset_vec                   reset_vec    0000
__Lsfr0                        sfr0         0000
__Lsfr1                        sfr1         0000
__Lsfr2                        sfr2         0000
__Lsfr3                        sfr3         0000
__Lsivt                        sivt         0000
__Lspace_0                     (abs)        0000
__Lspace_1                     (abs)        0000
__Lspace_2                     (abs)        0000
__Lspace_3                     (abs)        0000
__Lspace_4                     (abs)        0000
__Lstack                       stack        0000
__Lstrings                     strings      0000
__Ltext                        text         0000
__S0                           (abs)        0800
__S1                           (abs)        007C
__S3                           (abs)        0000
___heap_hi                     (abs)        0000
___heap_lo                     (abs)        0000
___int_sp                      stack        0000
___int_stack_hi                stack        0000
___int_stack_lo                stack        0000
___latbits                     (abs)        0002
___sp                          stack        0000
___stack_hi                    stack        0000
___stack_lo                    stack        0000
___stackhi                     (abs)        0000
___stacklo                     (abs)        0000
__end_of_DIO_setpindir         text5        07FC
__end_of_DIO_write             text9        0747
__end_of_DIO_write_high_nibble text10       05FA
__end_of_LCD_clearScreen       text6        04E6
__end_of_LCD_init              text4        0692
__end_of_LCD_sendChar          text3        05BA
__end_of_LCD_sendCommand       text7        057B
__end_of_UART_init             text2        04F7
__end_of_UART_receive          text1        04D6
__end_of__initialization       cinit        07FC
__end_of_enable                text8        053E
__end_of_main                  maintext     051A
__initialization               cinit        07FC
__pcstackCOMMON                cstackCOMMON 0070
__pmaintext                    maintext     04F7
__ptext1                       text1        04CD
__ptext10                      text10       05BA
__ptext2                       text2        04E6
__ptext3                       text3        057B
__ptext4                       text4        05FA
__ptext5                       text5        0747
__ptext6                       text6        04D6
__ptext7                       text7        053E
__ptext8                       text8        051A
__ptext9                       text9        0692
_enable                        text8        051A
_main                          maintext     04F7
btemp                          (abs)        007E
end_of_initialization          cinit        07FC
intlevel0                      functab      0000
intlevel1                      functab      0000
intlevel2                      functab      0000
intlevel3                      functab      0000
intlevel4                      functab      0000
intlevel5                      functab      0000
main@received                  cstackCOMMON 007B
reset_vec                      reset_vec    0000
start                          init         0000
start_initialization           cinit        07FC
wtemp0                         (abs)        007E


MODULE INFORMATION

Module		Function		Class		Link	Load	Size
../../LCD_Driver/lcd_driver.X/dio.c
		_DIO_write_high_nibble		CODE           	05BA	0000	64
		_DIO_setpindir 		CODE           	0747	0000	181
		_DIO_write     		CODE           	0692	0000	181

../../LCD_Driver/lcd_driver.X/dio.c estimated size: 426

usart.c
		_UART_receive  		CODE           	04CD	0000	9
		_UART_init     		CODE           	04E6	0000	17

usart.c estimated size: 26

shared
		__initialization		CODE           	07FC	0000	1

shared estimated size: 1

../../LCD_Driver/lcd_driver.X/lcd.c
		_LCD_sendCommand		CODE           	053E	0000	61
		_enable        		CODE           	051A	0000	36
		_LCD_init      		CODE           	05FA	0000	152
		_LCD_clearScreen		CODE           	04D6	0000	16
		_LCD_sendChar  		CODE           	057B	0000	63

../../LCD_Driver/lcd_driver.X/lcd.c estimated size: 328

main.c
		_main          		CODE           	04F7	0000	35

main.c estimated size: 35

